
---------- Module Resource Usage Distribution Estimates (begin) ----------

+-------------------+------------+------+------+----------+-----------------+-----------+------------------+-----------+------------------+----------+-----------------+--------+
|     inst_name     |    xlr     | mem  | dsp  | xlr_lut4 | xlr_lut4_and_ff | xlr_comb4 | xlr_comb4_and_ff | xlr_adder | xlr_adder_and_ff | xlr_srl8 | xlr_srl8_and_ff | xlr_ff |
+-------------------+------------+------+------+----------+-----------------+-----------+------------------+-----------+------------------+----------+-----------------+--------+
| +led_showcase_top |  1851(3)   | 1(0) | 0(0) | 1090(2)  |     101(0)      |   0(0)    |       0(0)       |  418(0)   |      85(0)       |   0(0)   |      0(0)       | 157(1) |
|  +u_btn_next      |   32(32)   | 0(0) | 0(0) |   9(9)   |      0(0)       |   0(0)    |       0(0)       |   0(0)    |      18(18)      |   0(0)   |      0(0)       |  5(5)  |
|  +u_btn_pause     |   32(32)   | 0(0) | 0(0) |   9(9)   |      0(0)       |   0(0)    |       0(0)       |   0(0)    |      18(18)      |   0(0)   |      0(0)       |  5(5)  |
|  +u_frame         |   26(26)   | 0(0) | 0(0) |   6(6)   |      0(0)       |   0(0)    |       0(0)       |   0(0)    |      18(18)      |   0(0)   |      0(0)       |  2(2)  |
|  +u_fx            | 1474(1474) | 0(0) | 0(0) | 964(964) |     87(87)      |   0(0)    |       0(0)       | 414(414)  |       0(0)       |   0(0)   |      0(0)       |  9(9)  |
|  +u_gamma         |   98(98)   | 1(0) | 0(0) |  42(42)  |      2(2)       |   0(0)    |       0(0)       |   0(0)    |       0(0)       |   0(0)   |      0(0)       | 54(54) |
|   +u_rom          |    0(0)    | 1(1) | 0(0) |   0(0)   |      0(0)       |   0(0)    |       0(0)       |   0(0)    |       0(0)       |   0(0)   |      0(0)       |  0(0)  |
|  +u_lfsr          |   16(16)   | 0(0) | 0(0) |   0(0)   |      1(1)       |   0(0)    |       0(0)       |   0(0)    |       0(0)       |   0(0)   |      0(0)       | 15(15) |
|  +u_mode_cdc      |    9(9)    | 0(0) | 0(0) |   0(0)   |      2(2)       |   0(0)    |       0(0)       |   0(0)    |       0(0)       |   0(0)   |      0(0)       |  7(7)  |
|  +u_pwm           |  107(107)  | 0(0) | 0(0) |  46(46)  |      6(6)       |   0(0)    |       0(0)       |   4(4)    |       3(3)       |   0(0)   |      0(0)       | 48(48) |
|  +u_rst_aux       |    3(3)    | 0(0) | 0(0) |   0(0)   |      0(0)       |   0(0)    |       0(0)       |   0(0)    |       0(0)       |   0(0)   |      0(0)       |  3(3)  |
|  +u_rst_sys       |    3(3)    | 0(0) | 0(0) |   0(0)   |      0(0)       |   0(0)    |       0(0)       |   0(0)    |       0(0)       |   0(0)   |      0(0)       |  3(3)  |
|  +u_seq           |   48(48)   | 0(0) | 0(0) |  12(12)  |      3(3)       |   0(0)    |       0(0)       |   0(0)    |      28(28)      |   0(0)   |      0(0)       |  5(5)  |
+-------------------+------------+------+------+----------+-----------------+-----------+------------------+-----------+------------------+----------+-----------------+--------+

----------- Module Resource Usage Distribution Estimates (end) ----------

